missing-yield.dyva:3.12: error: subscript must yield before returning
    yield y
           ^
